write_to_file ok
write_to_file ok
write_to_file ok
write_to_file ok
write_to_file ok
